// Jest Snapshot v1, https://goo.gl/fbAQLP

exports[`Footer test Footer should match snapshot 1`] = `
<footer
  className="makeStyles-footer-1"
>
  <div
    className="MuiContainer-root MuiContainer-maxWidthLg"
  >
    <div>
      <img
        alt="Banner"
        className="makeStyles-footerBanner-2"
        src="/static/images/banner.png"
      />
      <div>
        <div
          className="MuiGrid-root MuiGrid-container"
        >
          <div
            className="MuiGrid-root MuiGrid-item MuiGrid-grid-xs-12 MuiGrid-grid-md-12 MuiGrid-grid-xl-12"
          >
            <p
              className="MuiTypography-root makeStyles-subscribeTypehead-7 MuiTypography-body1"
            >
              Subscribe to our news latter and receive exclusive offer every week
            </p>
          </div>
          <div
            className="MuiGrid-root MuiGrid-item MuiGrid-grid-xs-12 MuiGrid-grid-md-8 MuiGrid-grid-xl-8"
          >
            <div
              className="MuiInputBase-root makeStyles-subscribeInput-8"
              onClick={[Function]}
            >
              <input
                className="MuiInputBase-input"
                onAnimationStart={[Function]}
                onBlur={[Function]}
                onChange={[Function]}
                onFocus={[Function]}
                placeholder="Enter your email"
                type="text"
              />
            </div>
          </div>
          <div
            className="MuiGrid-root MuiGrid-item MuiGrid-grid-xs-12 MuiGrid-grid-md-4 MuiGrid-grid-xl-4"
          >
            <button
              aria-label="subscribe"
              className="MuiButtonBase-root MuiFab-root makeStyles-subscribeButton-9 MuiFab-extended MuiFab-sizeSmall MuiFab-primary"
              disabled={false}
              onBlur={[Function]}
              onDragLeave={[Function]}
              onFocus={[Function]}
              onKeyDown={[Function]}
              onKeyUp={[Function]}
              onMouseDown={[Function]}
              onMouseLeave={[Function]}
              onMouseUp={[Function]}
              onTouchEnd={[Function]}
              onTouchMove={[Function]}
              onTouchStart={[Function]}
              tabIndex={0}
              type="button"
            >
              <span
                className="MuiFab-label"
              >
                <div
                  className="makeStyles-subscribeButtonText-10"
                >
                  Subscribe
                </div>
              </span>
            </button>
          </div>
        </div>
      </div>
    </div>
    <div
      className="MuiGrid-root MuiGrid-container MuiGrid-spacing-xs-2"
    >
      <div
        className="MuiGrid-root MuiGrid-item MuiGrid-grid-xs-12 MuiGrid-grid-md-10 MuiGrid-grid-xl-10"
      >
        <div
          className="MuiGrid-root MuiGrid-container"
        >
          <div
            className="MuiGrid-root MuiGrid-item MuiGrid-grid-xs-12 MuiGrid-grid-md-2 MuiGrid-grid-xl-2"
          >
            <h6
              className="MuiTypography-root MuiTypography-subtitle1"
            >
              Sitename
            </h6>
            <ul
              className="MuiList-root MuiList-padding"
              onKeyDown={[Function]}
              role="menu"
              tabIndex={-1}
            >
              <li
                aria-disabled={false}
                className="MuiButtonBase-root MuiListItem-root MuiMenuItem-root MuiMenuItem-gutters MuiListItem-gutters MuiListItem-button"
                onBlur={[Function]}
                onDragLeave={[Function]}
                onFocus={[Function]}
                onKeyDown={[Function]}
                onKeyUp={[Function]}
                onMouseDown={[Function]}
                onMouseLeave={[Function]}
                onMouseUp={[Function]}
                onTouchEnd={[Function]}
                onTouchMove={[Function]}
                onTouchStart={[Function]}
                role="menuitem"
                tabIndex={0}
              >
                Title One
              </li>
              <li
                aria-disabled={false}
                className="MuiButtonBase-root MuiListItem-root MuiMenuItem-root MuiMenuItem-gutters MuiListItem-gutters MuiListItem-button"
                onBlur={[Function]}
                onDragLeave={[Function]}
                onFocus={[Function]}
                onKeyDown={[Function]}
                onKeyUp={[Function]}
                onMouseDown={[Function]}
                onMouseLeave={[Function]}
                onMouseUp={[Function]}
                onTouchEnd={[Function]}
                onTouchMove={[Function]}
                onTouchStart={[Function]}
                role="menuitem"
                tabIndex={-1}
              >
                Title Two
              </li>
              <li
                aria-disabled={false}
                className="MuiButtonBase-root MuiListItem-root MuiMenuItem-root MuiMenuItem-gutters MuiListItem-gutters MuiListItem-button"
                onBlur={[Function]}
                onDragLeave={[Function]}
                onFocus={[Function]}
                onKeyDown={[Function]}
                onKeyUp={[Function]}
                onMouseDown={[Function]}
                onMouseLeave={[Function]}
                onMouseUp={[Function]}
                onTouchEnd={[Function]}
                onTouchMove={[Function]}
                onTouchStart={[Function]}
                role="menuitem"
                tabIndex={-1}
              >
                Title Three
              </li>
              <li
                aria-disabled={false}
                className="MuiButtonBase-root MuiListItem-root MuiMenuItem-root MuiMenuItem-gutters MuiListItem-gutters MuiListItem-button"
                onBlur={[Function]}
                onDragLeave={[Function]}
                onFocus={[Function]}
                onKeyDown={[Function]}
                onKeyUp={[Function]}
                onMouseDown={[Function]}
                onMouseLeave={[Function]}
                onMouseUp={[Function]}
                onTouchEnd={[Function]}
                onTouchMove={[Function]}
                onTouchStart={[Function]}
                role="menuitem"
                tabIndex={-1}
              >
                Title Four
              </li>
              <li
                aria-disabled={false}
                className="MuiButtonBase-root MuiListItem-root MuiMenuItem-root MuiMenuItem-gutters MuiListItem-gutters MuiListItem-button"
                onBlur={[Function]}
                onDragLeave={[Function]}
                onFocus={[Function]}
                onKeyDown={[Function]}
                onKeyUp={[Function]}
                onMouseDown={[Function]}
                onMouseLeave={[Function]}
                onMouseUp={[Function]}
                onTouchEnd={[Function]}
                onTouchMove={[Function]}
                onTouchStart={[Function]}
                role="menuitem"
                tabIndex={-1}
              >
                Title Five
              </li>
            </ul>
          </div>
          <div
            className="MuiGrid-root MuiGrid-item MuiGrid-grid-xs-12 MuiGrid-grid-md-2 MuiGrid-grid-xl-2"
          >
            <h6
              className="MuiTypography-root MuiTypography-subtitle1"
            >
              Information
            </h6>
            <ul
              className="MuiList-root MuiList-padding"
              onKeyDown={[Function]}
              role="menu"
              tabIndex={-1}
            >
              <li
                aria-disabled={false}
                className="MuiButtonBase-root MuiListItem-root MuiMenuItem-root MuiMenuItem-gutters MuiListItem-gutters MuiListItem-button"
                onBlur={[Function]}
                onDragLeave={[Function]}
                onFocus={[Function]}
                onKeyDown={[Function]}
                onKeyUp={[Function]}
                onMouseDown={[Function]}
                onMouseLeave={[Function]}
                onMouseUp={[Function]}
                onTouchEnd={[Function]}
                onTouchMove={[Function]}
                onTouchStart={[Function]}
                role="menuitem"
                tabIndex={0}
              >
                Category One
              </li>
              <li
                aria-disabled={false}
                className="MuiButtonBase-root MuiListItem-root MuiMenuItem-root MuiMenuItem-gutters MuiListItem-gutters MuiListItem-button"
                onBlur={[Function]}
                onDragLeave={[Function]}
                onFocus={[Function]}
                onKeyDown={[Function]}
                onKeyUp={[Function]}
                onMouseDown={[Function]}
                onMouseLeave={[Function]}
                onMouseUp={[Function]}
                onTouchEnd={[Function]}
                onTouchMove={[Function]}
                onTouchStart={[Function]}
                role="menuitem"
                tabIndex={-1}
              >
                Category Two
              </li>
              <li
                aria-disabled={false}
                className="MuiButtonBase-root MuiListItem-root MuiMenuItem-root MuiMenuItem-gutters MuiListItem-gutters MuiListItem-button"
                onBlur={[Function]}
                onDragLeave={[Function]}
                onFocus={[Function]}
                onKeyDown={[Function]}
                onKeyUp={[Function]}
                onMouseDown={[Function]}
                onMouseLeave={[Function]}
                onMouseUp={[Function]}
                onTouchEnd={[Function]}
                onTouchMove={[Function]}
                onTouchStart={[Function]}
                role="menuitem"
                tabIndex={-1}
              >
                Category Three
              </li>
              <li
                aria-disabled={false}
                className="MuiButtonBase-root MuiListItem-root MuiMenuItem-root MuiMenuItem-gutters MuiListItem-gutters MuiListItem-button"
                onBlur={[Function]}
                onDragLeave={[Function]}
                onFocus={[Function]}
                onKeyDown={[Function]}
                onKeyUp={[Function]}
                onMouseDown={[Function]}
                onMouseLeave={[Function]}
                onMouseUp={[Function]}
                onTouchEnd={[Function]}
                onTouchMove={[Function]}
                onTouchStart={[Function]}
                role="menuitem"
                tabIndex={-1}
              >
                Category Four
              </li>
              <li
                aria-disabled={false}
                className="MuiButtonBase-root MuiListItem-root MuiMenuItem-root MuiMenuItem-gutters MuiListItem-gutters MuiListItem-button"
                onBlur={[Function]}
                onDragLeave={[Function]}
                onFocus={[Function]}
                onKeyDown={[Function]}
                onKeyUp={[Function]}
                onMouseDown={[Function]}
                onMouseLeave={[Function]}
                onMouseUp={[Function]}
                onTouchEnd={[Function]}
                onTouchMove={[Function]}
                onTouchStart={[Function]}
                role="menuitem"
                tabIndex={-1}
              >
                Category Five
              </li>
            </ul>
          </div>
          <div
            className="MuiGrid-root MuiGrid-item MuiGrid-grid-xs-12 MuiGrid-grid-md-2 MuiGrid-grid-xl-2"
          >
            <h6
              className="MuiTypography-root MuiTypography-subtitle1"
            >
              Category
            </h6>
            <ul
              className="MuiList-root MuiList-padding"
              onKeyDown={[Function]}
              role="menu"
              tabIndex={-1}
            >
              <li
                aria-disabled={false}
                className="MuiButtonBase-root MuiListItem-root MuiMenuItem-root MuiMenuItem-gutters MuiListItem-gutters MuiListItem-button"
                onBlur={[Function]}
                onDragLeave={[Function]}
                onFocus={[Function]}
                onKeyDown={[Function]}
                onKeyUp={[Function]}
                onMouseDown={[Function]}
                onMouseLeave={[Function]}
                onMouseUp={[Function]}
                onTouchEnd={[Function]}
                onTouchMove={[Function]}
                onTouchStart={[Function]}
                role="menuitem"
                tabIndex={0}
              >
                Category One
              </li>
              <li
                aria-disabled={false}
                className="MuiButtonBase-root MuiListItem-root MuiMenuItem-root MuiMenuItem-gutters MuiListItem-gutters MuiListItem-button"
                onBlur={[Function]}
                onDragLeave={[Function]}
                onFocus={[Function]}
                onKeyDown={[Function]}
                onKeyUp={[Function]}
                onMouseDown={[Function]}
                onMouseLeave={[Function]}
                onMouseUp={[Function]}
                onTouchEnd={[Function]}
                onTouchMove={[Function]}
                onTouchStart={[Function]}
                role="menuitem"
                tabIndex={-1}
              >
                Category Two
              </li>
              <li
                aria-disabled={false}
                className="MuiButtonBase-root MuiListItem-root MuiMenuItem-root MuiMenuItem-gutters MuiListItem-gutters MuiListItem-button"
                onBlur={[Function]}
                onDragLeave={[Function]}
                onFocus={[Function]}
                onKeyDown={[Function]}
                onKeyUp={[Function]}
                onMouseDown={[Function]}
                onMouseLeave={[Function]}
                onMouseUp={[Function]}
                onTouchEnd={[Function]}
                onTouchMove={[Function]}
                onTouchStart={[Function]}
                role="menuitem"
                tabIndex={-1}
              >
                Category Three
              </li>
              <li
                aria-disabled={false}
                className="MuiButtonBase-root MuiListItem-root MuiMenuItem-root MuiMenuItem-gutters MuiListItem-gutters MuiListItem-button"
                onBlur={[Function]}
                onDragLeave={[Function]}
                onFocus={[Function]}
                onKeyDown={[Function]}
                onKeyUp={[Function]}
                onMouseDown={[Function]}
                onMouseLeave={[Function]}
                onMouseUp={[Function]}
                onTouchEnd={[Function]}
                onTouchMove={[Function]}
                onTouchStart={[Function]}
                role="menuitem"
                tabIndex={-1}
              >
                Category Four
              </li>
              <li
                aria-disabled={false}
                className="MuiButtonBase-root MuiListItem-root MuiMenuItem-root MuiMenuItem-gutters MuiListItem-gutters MuiListItem-button"
                onBlur={[Function]}
                onDragLeave={[Function]}
                onFocus={[Function]}
                onKeyDown={[Function]}
                onKeyUp={[Function]}
                onMouseDown={[Function]}
                onMouseLeave={[Function]}
                onMouseUp={[Function]}
                onTouchEnd={[Function]}
                onTouchMove={[Function]}
                onTouchStart={[Function]}
                role="menuitem"
                tabIndex={-1}
              >
                Category Five
              </li>
            </ul>
          </div>
          <div
            className="MuiGrid-root MuiGrid-item MuiGrid-grid-xs-12 MuiGrid-grid-md-2 MuiGrid-grid-xl-2"
          >
            <h6
              className="MuiTypography-root MuiTypography-subtitle1"
            >
              Category
            </h6>
            <ul
              className="MuiList-root MuiList-padding"
              onKeyDown={[Function]}
              role="menu"
              tabIndex={-1}
            >
              <li
                aria-disabled={false}
                className="MuiButtonBase-root MuiListItem-root MuiMenuItem-root MuiMenuItem-gutters MuiListItem-gutters MuiListItem-button"
                onBlur={[Function]}
                onDragLeave={[Function]}
                onFocus={[Function]}
                onKeyDown={[Function]}
                onKeyUp={[Function]}
                onMouseDown={[Function]}
                onMouseLeave={[Function]}
                onMouseUp={[Function]}
                onTouchEnd={[Function]}
                onTouchMove={[Function]}
                onTouchStart={[Function]}
                role="menuitem"
                tabIndex={0}
              >
                help@sitename.com
              </li>
              <li
                aria-disabled={false}
                className="MuiButtonBase-root MuiListItem-root MuiMenuItem-root MuiMenuItem-gutters MuiListItem-gutters MuiListItem-button"
                onBlur={[Function]}
                onDragLeave={[Function]}
                onFocus={[Function]}
                onKeyDown={[Function]}
                onKeyUp={[Function]}
                onMouseDown={[Function]}
                onMouseLeave={[Function]}
                onMouseUp={[Function]}
                onTouchEnd={[Function]}
                onTouchMove={[Function]}
                onTouchStart={[Function]}
                role="menuitem"
                tabIndex={-1}
              >
                Hotline: +78 9089 8000
              </li>
            </ul>
          </div>
        </div>
      </div>
      <div
        className="MuiGrid-root MuiGrid-item MuiGrid-grid-xs-12 MuiGrid-grid-md-2 MuiGrid-grid-xl-2"
      >
        <ul
          className="MuiList-root MuiList-padding"
          onKeyDown={[Function]}
          role="menu"
          tabIndex={-1}
        >
          <li
            aria-disabled={false}
            className="MuiButtonBase-root MuiListItem-root MuiMenuItem-root MuiMenuItem-gutters MuiListItem-gutters MuiListItem-button"
            onBlur={[Function]}
            onDragLeave={[Function]}
            onFocus={[Function]}
            onKeyDown={[Function]}
            onKeyUp={[Function]}
            onMouseDown={[Function]}
            onMouseLeave={[Function]}
            onMouseUp={[Function]}
            onTouchEnd={[Function]}
            onTouchMove={[Function]}
            onTouchStart={[Function]}
            role="menuitem"
            tabIndex={0}
          >
            <img
              alt="/static/images/app-store-apple.png"
              src="/static/images/app-store-apple.png"
            />
          </li>
          <li
            aria-disabled={false}
            className="MuiButtonBase-root MuiListItem-root MuiMenuItem-root MuiMenuItem-gutters MuiListItem-gutters MuiListItem-button"
            onBlur={[Function]}
            onDragLeave={[Function]}
            onFocus={[Function]}
            onKeyDown={[Function]}
            onKeyUp={[Function]}
            onMouseDown={[Function]}
            onMouseLeave={[Function]}
            onMouseUp={[Function]}
            onTouchEnd={[Function]}
            onTouchMove={[Function]}
            onTouchStart={[Function]}
            role="menuitem"
            tabIndex={-1}
          >
            <img
              alt="/static/images/google-play-badge.png"
              src="/static/images/google-play-badge.png"
            />
          </li>
        </ul>
        <div
          className="MuiGrid-root makeStyles-socialLinks-3 MuiGrid-container"
        >
          <div
            className="MuiGrid-root MuiGrid-item MuiGrid-grid-xs-3"
          >
            <img
              alt="/static/images/002-facebook-logo.png"
              src="/static/images/002-facebook-logo.png"
            />
          </div>
          <div
            className="MuiGrid-root MuiGrid-item MuiGrid-grid-xs-3"
          >
            <img
              alt="/static/images/004-linkedin-logo.png"
              src="/static/images/004-linkedin-logo.png"
            />
          </div>
          <div
            className="MuiGrid-root MuiGrid-item MuiGrid-grid-xs-3"
          >
            <img
              alt="/static/images/005-youtube.png"
              src="/static/images/005-youtube.png"
            />
          </div>
          <div
            className="MuiGrid-root MuiGrid-item MuiGrid-grid-xs-3"
          >
            <img
              alt="/static/images/001-twitter-logo-silhouette.png"
              src="/static/images/001-twitter-logo-silhouette.png"
            />
          </div>
          <div
            className="MuiGrid-root MuiGrid-item MuiGrid-grid-xs-3"
          >
            <img
              alt="/static/images/instagram.png"
              src="/static/images/instagram.png"
            />
          </div>
        </div>
      </div>
    </div>
    <p
      className="MuiTypography-root MuiTypography-body2 MuiTypography-colorTextSecondary MuiTypography-alignCenter"
    >
      Copyright © 
       
      2020
      ALL RIGHT RESERVED
    </p>
  </div>
</footer>
`;
